C51 COMPILER V9.53.0.0   KEY                                                               08/25/2016 13:06:52 PAGE 1   


C51 COMPILER V9.53.0.0, COMPILATION OF MODULE KEY
OBJECT MODULE PLACED IN .\Objects\key.obj
COMPILER INVOKED BY: C:\Keil_v5\C51\BIN\C51.EXE USRLIB\key.c OPTIMIZE(8,SPEED) BROWSE INCDIR(.\LIB\INC;.\USRLIB\INC;.\US
                    -R;.\USR\INC) DEBUG OBJECTEXTEND PRINT(.\Listings\key.lst) TABS(2) OBJECT(.\Objects\key.obj)

line level    source

   1          #include <common.h>
   2          
   3          //unsigned char num,temp;
   4             
   5          //void main()
   6          //{
   7          //  unsigned char key,num=16;3
   8          //  com_8255=mode_8255; //8255的控制方式
   9          //  P2=0xff;  //1数码管亮 按相应的按键，会显示对应字符
  10          //  B_8255=dofly[16];
  11          //  while(1)
  12          //  {
  13          //    key=keyscan();//调用键盘扫描，
  14          //    B_8255=dofly[key];
  15          //  }
  16          //}
  17          
  18          unsigned char keyscan()
  19          {
  20   1        unsigned char num,temp;
  21   1        C_8255=0x7f;//第一列，0,4,8,c
  22   1        temp=C_8255;
  23   1        temp=temp&0x0f;
  24   1        while(temp!=0x0f)
  25   1        {
  26   2          slow_delay(5);
  27   2          temp=C_8255;
  28   2          temp=temp&0x0f;
  29   2          while(temp!=0x0f)
  30   2          {
  31   3            temp=C_8255;
  32   3            switch(temp)
  33   3            {
  34   4              case 0x7e:num=0;
  35   4                break;
  36   4              case 0x7d:num=4;
  37   4                break;
  38   4              case 0x7b:num=8;
  39   4                break;
  40   4              case 0x77:num=12;
  41   4                break;
  42   4            }
  43   3            while(temp!=0x0f)
  44   3            {
  45   4              temp=C_8255;
  46   4              temp=temp&0x0f;
  47   4            }
  48   3          }
  49   2        } 
  50   1        C_8255=0xbf;//第二列，1,5,9,d
  51   1        temp=C_8255;
  52   1        temp=temp&0x0f;
  53   1        while(temp!=0x0f)
  54   1        {
C51 COMPILER V9.53.0.0   KEY                                                               08/25/2016 13:06:52 PAGE 2   

  55   2          slow_delay(5);
  56   2          temp=C_8255;
  57   2          temp=temp&0x0f;
  58   2          while(temp!=0x0f)
  59   2          {
  60   3            temp=C_8255;
  61   3            switch(temp)
  62   3            {
  63   4              case 0xbe:num=1; 
  64   4                break;
  65   4              case 0xbd:num=5; 
  66   4                break;
  67   4              case 0xbb:num=9; 
  68   4                break;
  69   4              case 0xb7:num=13; 
  70   4                break;
  71   4            }
  72   3            while(temp!=0x0f)
  73   3            {
  74   4              temp=C_8255;
  75   4              temp=temp&0x0f;
  76   4            }
  77   3          }
  78   2        } 
  79   1        C_8255=0xdf;//第三列，2,6,a,e
  80   1        temp=C_8255;
  81   1        temp=temp&0x0f;
  82   1        while(temp!=0x0f)
  83   1        {
  84   2          slow_delay(5);
  85   2          temp=C_8255;
  86   2          temp=temp&0x0f;
  87   2          while(temp!=0x0f)
  88   2          {
  89   3            temp=C_8255;
  90   3            switch(temp)
  91   3            {
  92   4              case 0xde:num=2;
  93   4                break;
  94   4              case 0xdd:num=6;
  95   4                break;
  96   4              case 0xdb:num=10;
  97   4                break;
  98   4              case 0xd7:num=14;
  99   4                break;
 100   4            }
 101   3            while(temp!=0x0f)
 102   3            {
 103   4              temp=C_8255;
 104   4              temp=temp&0x0f;
 105   4            }
 106   3          }
 107   2        } 
 108   1        C_8255=0xef;//第四列，3,7,b,f
 109   1        temp=C_8255;
 110   1        temp=temp&0x0f;
 111   1        while(temp!=0x0f)
 112   1        {
 113   2          slow_delay(5);
 114   2          temp=C_8255;
 115   2          temp=temp&0x0f;
 116   2          while(temp!=0x0f)
C51 COMPILER V9.53.0.0   KEY                                                               08/25/2016 13:06:52 PAGE 3   

 117   2          {
 118   3            temp=C_8255;
 119   3            switch(temp)
 120   3            {
 121   4              case 0xee:num=3;
 122   4                break;
 123   4              case 0xed:num=7;
 124   4                break;
 125   4              case 0xeb:num=11;
 126   4                break;
 127   4              case 0xe7:num=15;
 128   4                break;
 129   4            }
 130   3              while(temp!=0x0f)
 131   3            {
 132   4              temp=C_8255;
 133   4              temp=temp&0x0f;
 134   4            }
 135   3          }
 136   2        }
 137   1        return num;
 138   1      }
 139          


MODULE INFORMATION:   STATIC OVERLAYABLE
   CODE SIZE        =    387    ----
   CONSTANT SIZE    =   ----    ----
   XDATA SIZE       =   ----    ----
   PDATA SIZE       =   ----    ----
   DATA SIZE        =   ----       2
   IDATA SIZE       =   ----    ----
   BIT SIZE         =   ----    ----
END OF MODULE INFORMATION.


C51 COMPILATION COMPLETE.  0 WARNING(S),  0 ERROR(S)
